app/dashboard/analytics/components/CostChart.tsx(42,13): error TS2322: Type '(value: number) => string' is not assignable to type 'Formatter<number, NameType> & ((value: number, name: NameType, item: Payload<number, NameType>, index: number, payload: Payload<number, NameType>[]) => ReactNode | [...])'.
  Type '(value: number) => string' is not assignable to type 'Formatter<number, NameType>'.
    Types of parameters 'value' and 'value' are incompatible.
      Type 'number | undefined' is not assignable to type 'number'.
        Type 'undefined' is not assignable to type 'number'.
app/dashboard/efficiency/_components/ActiveSuspensions.tsx(5,10): error TS2305: Module '"@prisma/client"' has no exported member 'Driver'.
app/dashboard/efficiency/_components/SobrietySimulator.tsx(5,10): error TS2305: Module '"@prisma/client"' has no exported member 'Vehicle'.
app/dashboard/efficiency/_components/SobrietySimulator.tsx(39,34): error TS2339: Property 'violation' does not exist on type '{ success: boolean; message: string; }'.
app/dashboard/efficiency/_components/SobrietySimulator.tsx(115,82): error TS2339: Property 'violation' does not exist on type '{ success: boolean; message: string; }'.
app/dashboard/efficiency/_components/SobrietySimulator.tsx(122,23): error TS2339: Property 'violation' does not exist on type '{ success: boolean; message: string; }'.
app/dashboard/efficiency/_components/TrustScoreTable.tsx(3,10): error TS2305: Module '"@prisma/client"' has no exported member 'Driver'.
app/dashboard/efficiency/page.tsx(32,50): error TS7006: Parameter 'acc' implicitly has an 'any' type.
app/dashboard/efficiency/page.tsx(32,55): error TS7006: Parameter 'curr' implicitly has an 'any' type.
app/dashboard/maintenance/MaintenanceClient.tsx(349,64): error TS2339: Property 'WEAR_AND_TEAR' does not exist on type 'typeof MaintenanceCategory'.
app/dashboard/maintenance/page.tsx(37,28): error TS7006: Parameter 'log' implicitly has an 'any' type.
app/dashboard/maintenance/page.tsx(61,62): error TS7006: Parameter 'sub' implicitly has an 'any' type.
app/dashboard/safety/page.tsx(39,38): error TS7006: Parameter 'test' implicitly has an 'any' type.
app/dashboard/safety/page.tsx(98,35): error TS7006: Parameter 'log' implicitly has an 'any' type.
components/drivers/DriverForm.tsx(8,33): error TS2694: Namespace '"C:/Users/Toma Aytakin/Desktop/VyleraMove-main/node_modules/.prisma/client/default".Prisma' has no exported member 'DriverGetPayload'.
components/drivers/DriverList.tsx(10,33): error TS2694: Namespace '"C:/Users/Toma Aytakin/Desktop/VyleraMove-main/node_modules/.prisma/client/default".Prisma' has no exported member 'DriverGetPayload'.
components/drivers/DriverTable.tsx(8,33): error TS2694: Namespace '"C:/Users/Toma Aytakin/Desktop/VyleraMove-main/node_modules/.prisma/client/default".Prisma' has no exported member 'DriverGetPayload'.
components/drivers/DriverTable.tsx(70,53): error TS7006: Parameter 'lang' implicitly has an 'any' type.
components/vehicles/VehicleForm.tsx(3,10): error TS2305: Module '"@prisma/client"' has no exported member 'Vehicle'.
components/vehicles/VehicleList.tsx(3,10): error TS2305: Module '"@prisma/client"' has no exported member 'Vehicle'.
components/vehicles/VehicleTable.tsx(3,10): error TS2305: Module '"@prisma/client"' has no exported member 'Vehicle'.
